2026-10-02 20:03:06,496 INFO o.a.j.u.JMeterUtils: Setting Locale to en_EN
2026-10-02 20:03:06,514 INFO o.a.j.JMeter: Copyright (c) 1998-2024 The Apache Software Foundation
2026-10-02 20:03:06,515 INFO o.a.j.JMeter: Version 5.6.3
2026-10-02 20:03:06,515 INFO o.a.j.JMeter: java.version=21.0.11
2026-10-02 20:03:06,515 INFO o.a.j.JMeter: java.vm.name=OpenJDK 64-Bit Server VM
2026-10-02 20:03:06,515 INFO o.a.j.JMeter: os.name=Mac OS X
2026-10-02 20:03:06,515 INFO o.a.j.JMeter: os.arch=aarch64
2026-10-02 20:03:06,515 INFO o.a.j.JMeter: os.version=26.0.1
2026-10-02 20:03:06,515 INFO o.a.j.JMeter: file.encoding=UTF-8
2026-10-02 20:03:06,515 INFO o.a.j.JMeter: java.awt.headless=true
2026-10-02 20:03:06,515 INFO o.a.j.JMeter: Max memory     =1073741824
2026-10-02 20:03:06,515 INFO o.a.j.JMeter: Available Processors =8
2026-10-02 20:03:06,529 INFO o.a.j.JMeter: Default Locale=English (EN)
2026-10-02 20:03:06,529 INFO o.a.j.JMeter: JMeter  Locale=English (EN)
2026-10-02 20:03:06,529 INFO o.a.j.JMeter: JMeterHome=/opt/homebrew/Cellar/jmeter/5.6.3/libexec
2026-10-02 20:03:06,529 INFO o.a.j.JMeter: user.dir  =/Users/saileshdash/Desktop/Automation/PERFORMANCE-TEST-JMETER/api-performance-framework
2026-10-02 20:03:06,529 INFO o.a.j.JMeter: PWD       =/Users/saileshdash/Desktop/Automation/PERFORMANCE-TEST-JMETER/api-performance-framework
2026-10-02 20:03:06,531 INFO o.a.j.JMeter: IP: 127.0.0.1 Name: Kukus-Macbook.local FullName: localhost
2026-10-02 20:03:06,542 INFO o.a.j.s.FileServer: Default base='/Users/saileshdash/Desktop/Automation/PERFORMANCE-TEST-JMETER/api-performance-framework'
2026-10-02 20:03:06,543 INFO o.a.j.s.FileServer: Set new base='/Users/saileshdash/Desktop/Automation/PERFORMANCE-TEST-JMETER/api-performance-framework/test-plans'
2026-10-02 20:03:06,644 INFO o.a.j.s.SaveService: Testplan (JMX) version: 2.2. Testlog (JTL) version: 2.2
2026-10-02 20:03:06,665 INFO o.a.j.s.SaveService: Using SaveService properties version 5.0
2026-10-02 20:03:06,667 INFO o.a.j.s.SaveService: Using SaveService properties file encoding UTF-8
2026-10-02 20:03:06,668 INFO o.a.j.s.SaveService: Loading file: test-plans/User_API_Test.jmx
2026-10-02 20:03:06,732 INFO o.a.j.e.StandardJMeterEngine: Running the test!
2026-10-02 20:03:06,732 INFO o.a.j.s.SampleEvent: List of sample_variables: []
2026-10-02 20:03:06,732 INFO o.a.j.s.SampleEvent: List of sample_variables: []
2026-10-02 20:03:06,770 INFO o.a.j.r.ClassFinder: Will scan jar /opt/homebrew/Cellar/jmeter/5.6.3/libexec/lib/ext/jmeter-plugins-manager-1.9.jar with filter ExtendsClassFilter [parents=[interface org.apache.jmeter.functions.Function], inner=false, contains=null, notContains=null]. Consider exposing JMeter plugins via META-INF/services, and add JMeter-Skip-Class-Scanning=true manifest attribute so JMeter can skip classfile scanning
2026-10-02 20:03:06,827 INFO o.a.j.JMeter: Running test (1790951586827)
2026-10-02 20:03:06,837 INFO o.a.j.e.StandardJMeterEngine: Starting ThreadGroup: 1 : Rest API Thread Group
2026-10-02 20:03:06,837 INFO o.a.j.e.StandardJMeterEngine: Starting 5 threads for group Rest API Thread Group.
2026-10-02 20:03:06,837 INFO o.a.j.e.StandardJMeterEngine: Thread will continue on error
2026-10-02 20:03:06,838 INFO o.a.j.t.ThreadGroup: Starting thread group... number=1 threads=5 ramp-up=1 delayedStart=false
2026-10-02 20:03:06,841 INFO o.a.j.t.JMeterThread: Thread started: Rest API Thread Group 1-1
2026-10-02 20:03:06,841 INFO o.a.j.t.ThreadGroup: Started thread group number 1
2026-10-02 20:03:06,841 INFO o.a.j.e.StandardJMeterEngine: All thread groups have been started
2026-10-02 20:03:06,851 INFO o.a.j.p.h.s.HTTPHCAbstractImpl: Local host = Kukus-Macbook.local
2026-10-02 20:03:06,854 INFO o.a.j.p.h.s.HTTPHC4Impl: HTTP request retry count = 0
2026-10-02 20:03:06,855 INFO o.a.j.s.SampleResult: Note: Sample TimeStamps are END times
2026-10-02 20:03:06,855 INFO o.a.j.s.SampleResult: sampleresult.default.encoding is set to UTF-8
2026-10-02 20:03:06,855 INFO o.a.j.s.SampleResult: sampleresult.useNanoTime=true
2026-10-02 20:03:06,855 INFO o.a.j.s.SampleResult: sampleresult.nanoThreadSleep=5000
2026-10-02 20:03:06,898 INFO o.a.j.p.h.s.h.LazyLayeredConnectionSocketFactory: Setting up HTTPS TrustAll Socket Factory
2026-10-02 20:03:06,902 INFO o.a.j.u.JsseSSLManager: Using default SSL protocol: TLS
2026-10-02 20:03:06,902 INFO o.a.j.u.JsseSSLManager: SSL session context: per-thread
2026-10-02 20:03:07,040 INFO o.a.j.u.SSLManager: JmeterKeyStore Location:  type JKS
2026-10-02 20:03:07,040 INFO o.a.j.t.JMeterThread: Thread started: Rest API Thread Group 1-2
2026-10-02 20:03:07,042 INFO o.a.j.u.SSLManager: KeyStore created OK
2026-10-02 20:03:07,042 WARN o.a.j.u.SSLManager: Keystore file not found, loading empty keystore
2026-10-02 20:03:07,244 INFO o.a.j.t.JMeterThread: Thread started: Rest API Thread Group 1-3
2026-10-02 20:03:07,445 INFO o.a.j.t.JMeterThread: Thread started: Rest API Thread Group 1-4
2026-10-02 20:03:07,643 INFO o.a.j.t.JMeterThread: Thread started: Rest API Thread Group 1-5
2026-10-02 20:03:08,002 INFO o.a.j.t.JMeterThread: Thread is done: Rest API Thread Group 1-1
2026-10-02 20:03:08,002 INFO o.a.j.t.JMeterThread: Thread is done: Rest API Thread Group 1-2
2026-10-02 20:03:08,002 INFO o.a.j.t.JMeterThread: Thread finished: Rest API Thread Group 1-1
2026-10-02 20:03:08,002 INFO o.a.j.t.JMeterThread: Thread finished: Rest API Thread Group 1-2
2026-10-02 20:03:08,171 INFO o.a.j.t.JMeterThread: Thread is done: Rest API Thread Group 1-3
2026-10-02 20:03:08,171 INFO o.a.j.t.JMeterThread: Thread finished: Rest API Thread Group 1-3
2026-10-02 20:03:08,382 INFO o.a.j.t.JMeterThread: Thread is done: Rest API Thread Group 1-4
2026-10-02 20:03:08,382 INFO o.a.j.t.JMeterThread: Thread finished: Rest API Thread Group 1-4
2026-10-02 20:03:08,561 INFO o.a.j.t.JMeterThread: Thread is done: Rest API Thread Group 1-5
2026-10-02 20:03:08,561 INFO o.a.j.t.JMeterThread: Thread finished: Rest API Thread Group 1-5
2026-10-02 20:03:08,562 INFO o.a.j.e.StandardJMeterEngine: Notifying test listeners of end of test
